// Jest Snapshot v1, https://goo.gl/fbAQLP

exports[`Queries fetches a specific customer 1`] = `
Object {
  "getCustomer": Object {
    "first_name": "Chris",
    "last_name": "Traeger",
  },
}
`;

exports[`Queries fetches customers 1`] = `
Object {
  "getCustomers": Array [
    Object {
      "first_name": "Andy",
      "last_name": "Dwyer",
    },
  ],
}
`;
