// Jest Snapshot v1, https://goo.gl/fbAQLP

exports[`Queries fetches customers 1`] = `
Object {
  "getCustomers": Array [
    Object {
      "first_name": "Chris",
      "id": "94",
      "last_name": "Traeger",
    },
    Object {
      "first_name": "Andy",
      "id": "95",
      "last_name": "Dwyer",
    },
    Object {
      "first_name": "April",
      "id": "96",
      "last_name": "Ludgate",
    },
  ],
}
`;
